// Jest Snapshot v1, https://goo.gl/fbAQLP

exports[`renders correctly 1`] = `
<RCTSafeAreaView
  emulateUnlessSupported={true}
  style={
    Object {
      "backgroundColor": "#F3F3F3",
    }
  }
>
  <RCTScrollView
    contentInsetAdjustmentBehavior="automatic"
    style={
      Object {
        "backgroundColor": "#F3F3F3",
      }
    }
  >
    <View>
      <TextInput
        defaultValue=""
        onChangeText={[Function]}
        placeholder="Type your location here"
        style={
          Object {
            "height": 40,
          }
        }
      />
      <View
        accessibilityRole="button"
        accessible={true}
        collapsable={false}
        focusable={true}
        onClick={[Function]}
        onResponderGrant={[Function]}
        onResponderMove={[Function]}
        onResponderRelease={[Function]}
        onResponderTerminate={[Function]}
        onResponderTerminationRequest={[Function]}
        onStartShouldSetResponder={[Function]}
        style={
          Object {
            "opacity": 1,
          }
        }
      >
        <View
          style={
            Array [
              Object {},
            ]
          }
        >
          <Text
            style={
              Array [
                Object {
                  "color": "#007AFF",
                  "fontSize": 18,
                  "margin": 8,
                  "textAlign": "center",
                },
              ]
            }
          >
            Search
          </Text>
        </View>
      </View>
      <View
        style={
          Object {
            "backgroundColor": "#FFF",
          }
        }
      >
        <View
          style={
            Object {
              "marginTop": 32,
              "paddingHorizontal": 24,
            }
          }
        >
          <Text
            style={
              Array [
                Object {
                  "fontSize": 24,
                  "fontWeight": "600",
                },
                Object {
                  "color": "#000",
                },
              ]
            }
          >
            Summary
          </Text>
          <Text
            style={
              Array [
                Object {
                  "fontSize": 18,
                  "fontWeight": "400",
                  "marginTop": 8,
                },
                Object {
                  "color": "#444",
                },
              ]
            }
          >
            Edit 
            <Text
              style={
                Object {
                  "fontWeight": "700",
                }
              }
            >
              App.tsx
            </Text>
             $
             to change this screen and then come back to see your edits.
          </Text>
        </View>
        <View
          style={
            Object {
              "marginTop": 32,
              "paddingHorizontal": 24,
            }
          }
        >
          <Text
            style={
              Array [
                Object {
                  "fontSize": 24,
                  "fontWeight": "600",
                },
                Object {
                  "color": "#000",
                },
              ]
            }
          >
            Location
          </Text>
          <Text
            style={
              Array [
                Object {
                  "fontSize": 18,
                  "fontWeight": "400",
                  "marginTop": 8,
                },
                Object {
                  "color": "#444",
                },
              ]
            }
          />
        </View>
        <View
          style={
            Object {
              "marginTop": 32,
              "paddingHorizontal": 24,
            }
          }
        >
          <Text
            style={
              Array [
                Object {
                  "fontSize": 24,
                  "fontWeight": "600",
                },
                Object {
                  "color": "#000",
                },
              ]
            }
          >
            Details
          </Text>
          <Text
            style={
              Array [
                Object {
                  "fontSize": 18,
                  "fontWeight": "400",
                  "marginTop": 8,
                },
                Object {
                  "color": "#444",
                },
              ]
            }
          />
        </View>
      </View>
    </View>
  </RCTScrollView>
</RCTSafeAreaView>
`;
